== version.json matches the game
ok test/version.json = v1046
./index.html: no KS_BUILD (older game) - skipped
== unit tests
ok - baseHpAt matches the game
ok - level floor matches measurements
   max gems a cheater could farm in 24h: 350600 (levels: 7012)
ok - level claims: order, once each, speed
ok - gem spends
ok - hits
ok - paths
ok - ledger + purchases
ok - item catalogue + mail
ok - anti-cheat: save plausibility
ok - card catalog merge fills only empty slots, keeps Drop Signal in the last free slot
ok - security panel (v995): tunable limits, config, ban state, summary
11 tests passed
firestore.rules written, admins: 1
== emulator tests
npm warn deprecated node-domexception@1.0.0: Use your platform's native DOMException instead
npm warn deprecated tar@6.2.1: Old versions of tar are not supported, and contain widely publicized security vulnerabilities, which have been fixed in the current version. Please update. Support for old versions may be purchased (at exorbitant rates) by contacting i@izs.me
npm warn deprecated json-ptr@3.1.1: Package no longer supported. Contact Support at https://www.npmjs.com/support for more info.
npm warn deprecated uuid@9.0.1: uuid@10 and below is no longer supported.  For ESM codebases, update to uuid@latest.  For CommonJS codebases, use uuid@11 (but be aware this version will likely be deprecated in 2028).
npm warn deprecated uuid@9.0.1: uuid@10 and below is no longer supported.  For ESM codebases, update to uuid@latest.  For CommonJS codebases, use uuid@11 (but be aware this version will likely be deprecated in 2028).
npm warn deprecated uuid@9.0.1: uuid@10 and below is no longer supported.  For ESM codebases, update to uuid@latest.  For CommonJS codebases, use uuid@11 (but be aware this version will likely be deprecated in 2028).
npm warn deprecated uuid@8.3.2: uuid@10 and below is no longer supported.  For ESM codebases, update to uuid@latest.  For CommonJS codebases, use uuid@11 (but be aware this version will likely be deprecated in 2028).
npm warn deprecated glob@10.5.0: Old versions of glob are not supported, and contain widely publicized security vulnerabilities, which have been fixed in the current version. Please update. Support for old versions may be purchased (at exorbitant rates) by contacting i@izs.me
[33m[1m⚠  emulators:[22m[39m You are not currently authenticated so some features may not work correctly. Please run [1mfirebase login[22m to authenticate the CLI.
[36m[1mi  emulators:[22m[39m Starting emulators: auth, functions, firestore
[36m[1mi  emulators:[22m[39m Detected demo project ID "demo-kingdom", emulated services will use a demo configuration and attempts to access non-emulated services for this project will fail.
[33m[1m⚠ [22m[39m It appears you are running in a CI environment. You can avoid downloading the Firestore Emulator repeatedly by caching the /home/runner/.cache/firebase/emulators directory.
[36m[1mi  firestore:[22m[39m downloading cloud-firestore-emulator-v1.19.8.jar...

[36m[1mi  firestore:[22m[39m Firestore Emulator logging to [1mfirestore-debug.log[22m
[32m[1m✔  firestore:[22m[39m Firestore Emulator UI websocket is running on 9150.
[36m[1mi  functions:[22m[39m Watching "/home/runner/work/kingdom-strategy/kingdom-strategy/functions" for Cloud Functions...
[33m[1m⚠ [22m[39m [1m[33mfunctions: [39m[22mpackage.json indicates an outdated version of firebase-functions. Please upgrade using [1mnpm install --save firebase-functions@latest[22m in your functions directory.
[33m[1m⚠ [22m[39m [1m[33mfunctions: [39m[22mPlease note that there will be breaking changes when you upgrade.
[32m[1m✔  functions:[22m[39m Using node@22 from host.
Serving at port 8107

[32m[1m✔  functions:[22m[39m Loaded functions definitions from source: claimLevel, extinguishBase, repairBase, extinguishAllyBase, hitBase, adminGrantGems, adminSetWallet, adminCardCatalog, adminImportSave, relocateCity, adminDeliverPurchase, claimTopup, adminMarkPurchase, touch, adminSendMail, claimMail, adminMaintenance, adminCatalog, adminSaveEvents, claimEvent, adminSaveShop, adminSavePack, adminDeletePack, adminFindPlayers, adminPlayerInfo, onSaveWriteLive, onSaveWriteTest, adminFlagged, adminSecOverview, adminSecAction, adminSecConfig, adminSecAudit.
[32m[1m✔  functions[us-central1-claimLevel]:[22m[39m [1mhttp[22m function initialized (http://127.0.0.1:5001/demo-kingdom/us-central1/claimLevel).
[32m[1m✔  functions[us-central1-extinguishBase]:[22m[39m [1mhttp[22m function initialized (http://127.0.0.1:5001/demo-kingdom/us-central1/extinguishBase).
[32m[1m✔  functions[us-central1-repairBase]:[22m[39m [1mhttp[22m function initialized (http://127.0.0.1:5001/demo-kingdom/us-central1/repairBase).
[32m[1m✔  functions[us-central1-extinguishAllyBase]:[22m[39m [1mhttp[22m function initialized (http://127.0.0.1:5001/demo-kingdom/us-central1/extinguishAllyBase).
[32m[1m✔  functions[us-central1-hitBase]:[22m[39m [1mhttp[22m function initialized (http://127.0.0.1:5001/demo-kingdom/us-central1/hitBase).
[32m[1m✔  functions[us-central1-adminGrantGems]:[22m[39m [1mhttp[22m function initialized (http://127.0.0.1:5001/demo-kingdom/us-central1/adminGrantGems).
[32m[1m✔  functions[us-central1-adminSetWallet]:[22m[39m [1mhttp[22m function initialized (http://127.0.0.1:5001/demo-kingdom/us-central1/adminSetWallet).
[32m[1m✔  functions[us-central1-adminCardCatalog]:[22m[39m [1mhttp[22m function initialized (http://127.0.0.1:5001/demo-kingdom/us-central1/adminCardCatalog).
[32m[1m✔  functions[us-central1-adminImportSave]:[22m[39m [1mhttp[22m function initialized (http://127.0.0.1:5001/demo-kingdom/us-central1/adminImportSave).
[32m[1m✔  functions[us-central1-relocateCity]:[22m[39m [1mhttp[22m function initialized (http://127.0.0.1:5001/demo-kingdom/us-central1/relocateCity).
[32m[1m✔  functions[us-central1-adminDeliverPurchase]:[22m[39m [1mhttp[22m function initialized (http://127.0.0.1:5001/demo-kingdom/us-central1/adminDeliverPurchase).
[32m[1m✔  functions[us-central1-claimTopup]:[22m[39m [1mhttp[22m function initialized (http://127.0.0.1:5001/demo-kingdom/us-central1/claimTopup).
[32m[1m✔  functions[us-central1-adminMarkPurchase]:[22m[39m [1mhttp[22m function initialized (http://127.0.0.1:5001/demo-kingdom/us-central1/adminMarkPurchase).
[32m[1m✔  functions[us-central1-touch]:[22m[39m [1mhttp[22m function initialized (http://127.0.0.1:5001/demo-kingdom/us-central1/touch).
[32m[1m✔  functions[us-central1-adminSendMail]:[22m[39m [1mhttp[22m function initialized (http://127.0.0.1:5001/demo-kingdom/us-central1/adminSendMail).
[32m[1m✔  functions[us-central1-claimMail]:[22m[39m [1mhttp[22m function initialized (http://127.0.0.1:5001/demo-kingdom/us-central1/claimMail).
[32m[1m✔  functions[us-central1-adminMaintenance]:[22m[39m [1mhttp[22m function initialized (http://127.0.0.1:5001/demo-kingdom/us-central1/adminMaintenance).
[32m[1m✔  functions[us-central1-adminCatalog]:[22m[39m [1mhttp[22m function initialized (http://127.0.0.1:5001/demo-kingdom/us-central1/adminCatalog).
[32m[1m✔  functions[us-central1-adminSaveEvents]:[22m[39m [1mhttp[22m function initialized (http://127.0.0.1:5001/demo-kingdom/us-central1/adminSaveEvents).
[32m[1m✔  functions[us-central1-claimEvent]:[22m[39m [1mhttp[22m function initialized (http://127.0.0.1:5001/demo-kingdom/us-central1/claimEvent).
[32m[1m✔  functions[us-central1-adminSaveShop]:[22m[39m [1mhttp[22m function initialized (http://127.0.0.1:5001/demo-kingdom/us-central1/adminSaveShop).
[32m[1m✔  functions[us-central1-adminSavePack]:[22m[39m [1mhttp[22m function initialized (http://127.0.0.1:5001/demo-kingdom/us-central1/adminSavePack).
[32m[1m✔  functions[us-central1-adminDeletePack]:[22m[39m [1mhttp[22m function initialized (http://127.0.0.1:5001/demo-kingdom/us-central1/adminDeletePack).
[32m[1m✔  functions[us-central1-adminFindPlayers]:[22m[39m [1mhttp[22m function initialized (http://127.0.0.1:5001/demo-kingdom/us-central1/adminFindPlayers).
[32m[1m✔  functions[us-central1-adminPlayerInfo]:[22m[39m [1mhttp[22m function initialized (http://127.0.0.1:5001/demo-kingdom/us-central1/adminPlayerInfo).
[32m[1m✔  functions[us-central1-onSaveWriteLive]:[22m[39m [1mfirestore[22m function initialized.
[32m[1m✔  functions[us-central1-onSaveWriteTest]:[22m[39m [1mfirestore[22m function initialized.
[32m[1m✔  functions[us-central1-adminFlagged]:[22m[39m [1mhttp[22m function initialized (http://127.0.0.1:5001/demo-kingdom/us-central1/adminFlagged).
[32m[1m✔  functions[us-central1-adminSecOverview]:[22m[39m [1mhttp[22m function initialized (http://127.0.0.1:5001/demo-kingdom/us-central1/adminSecOverview).
[32m[1m✔  functions[us-central1-adminSecAction]:[22m[39m [1mhttp[22m function initialized (http://127.0.0.1:5001/demo-kingdom/us-central1/adminSecAction).
[32m[1m✔  functions[us-central1-adminSecConfig]:[22m[39m [1mhttp[22m function initialized (http://127.0.0.1:5001/demo-kingdom/us-central1/adminSecConfig).
[32m[1m✔  functions[us-central1-adminSecAudit]:[22m[39m [1mhttp[22m function initialized (http://127.0.0.1:5001/demo-kingdom/us-central1/adminSecAudit).
[36m[1mi [22m[39m Running script: [1mnode ci/integration.test.js && echo == end-to-end game test && node ci/e2e.test.js[22m
[2026-10-10T10:10:41.408Z]  @firebase/firestore: Firestore (10.14.1): GrpcConnection RPC 'Write' stream 0x50b5e923 error. Code: 7 Message: 7 PERMISSION_DENIED: 
false for 'create' @ L89, false for 'update' @ L89
ok   - own save: write ok, someone else's save: denied
[2026-10-10T10:10:41.436Z]  @firebase/firestore: Firestore (10.14.1): GrpcConnection RPC 'Write' stream 0x50b5e924 error. Code: 7 Message: 7 PERMISSION_DENIED: 
false for 'create' @ L89, false for 'update' @ L89
ok   - wallet: players cannot write their own or read others'
[36m[1mi  functions:[22m[39m Beginning execution of "us-central1-onSaveWriteTest"
[36m[1mi  functions:[22m[39m Finished "us-central1-onSaveWriteTest" in 236.085726ms
[36m[1mi  functions:[22m[39m Beginning execution of "us-central1-onSaveWriteTest"
[36m[1mi  functions:[22m[39m Finished "us-central1-onSaveWriteTest" in 3.532105ms
[36m[1mi  functions:[22m[39m Beginning execution of "us-central1-onSaveWriteTest"
[90m> [39m anti-cheat flag envs/test/ Jv6857mGxZNOvBGR60cqbAyvY1xK ["Conquest +160 levels (1 to 161) in 2s; the game needs at least 1303s","gold +999,999,900 in 2s (limit 106,507)"] 
[36m[1mi  functions:[22m[39m Finished "us-central1-onSaveWriteTest" in 311.722867ms
[2026-10-10T10:10:44.152Z]  @firebase/firestore: Firestore (10.14.1): GrpcConnection RPC 'Write' stream 0x50b5e926 error. Code: 7 Message: 7 PERMISSION_DENIED: 
false for 'create' @ L132, false for 'update' @ L132
ok   - anti-cheat: an impossible save jump is flagged (admins can read it, the player can't read or erase it, the save is untouched)
[2026-10-10T10:10:44.197Z]  @firebase/firestore: Firestore (10.14.1): GrpcConnection RPC 'Write' stream 0x50b5e928 error. Code: 7 Message: 7 PERMISSION_DENIED: 
false for 'create' @ L89, false for 'update' @ L89
[36m[1mi  functions:[22m[39m Beginning execution of "us-central1-claimLevel"
[90m> [39m {"verifications":{"app":"MISSING","auth":"VALID"},"logging.googleapis.com/labels":{"firebase-log-type":"callable-request-verification"},"severity":"DEBUG","message":"Callable request verification passed"}
[36m[1mi  functions:[22m[39m Finished "us-central1-claimLevel" in 12.21653ms
ok   - guest (anonymous) accounts can't write or use the server
[36m[1mi  functions:[22m[39m Beginning execution of "us-central1-claimLevel"
[90m> [39m {"verifications":{"app":"MISSING","auth":"VALID"},"logging.googleapis.com/labels":{"firebase-log-type":"callable-request-verification"},"severity":"DEBUG","message":"Callable request verification passed"}
[36m[1mi  functions:[22m[39m Finished "us-central1-claimLevel" in 258.838594ms
[36m[1mi  functions:[22m[39m Beginning execution of "us-central1-claimLevel"
[90m> [39m {"verifications":{"app":"MISSING","auth":"VALID"},"logging.googleapis.com/labels":{"firebase-log-type":"callable-request-verification"},"severity":"DEBUG","message":"Callable request verification passed"}
[36m[1mi  functions:[22m[39m Finished "us-central1-claimLevel" in 13.989182ms
[36m[1mi  functions:[22m[39m Beginning execution of "us-central1-claimLevel"
[90m> [39m {"verifications":{"app":"MISSING","auth":"VALID"},"logging.googleapis.com/labels":{"firebase-log-type":"callable-request-verification"},"severity":"DEBUG","message":"Callable request verification passed"}
[36m[1mi  functions:[22m[39m Finished "us-central1-claimLevel" in 10.237396ms
[36m[1mi  functions:[22m[39m Beginning execution of "us-central1-claimLevel"
[90m> [39m {"verifications":{"app":"MISSING","auth":"VALID"},"logging.googleapis.com/labels":{"firebase-log-type":"callable-request-verification"},"severity":"DEBUG","message":"Callable request verification passed"}
[36m[1mi  functions:[22m[39m Finished "us-central1-claimLevel" in 10.692918ms
[36m[1mi  functions:[22m[39m Beginning execution of "us-central1-claimLevel"
[90m> [39m {"verifications":{"app":"MISSING","auth":"VALID"},"logging.googleapis.com/labels":{"firebase-log-type":"callable-request-verification"},"severity":"DEBUG","message":"Callable request verification passed"}
[36m[1mi  functions:[22m[39m Finished "us-central1-claimLevel" in 18.557696ms
ok   - level gems: next level only, once each, not faster than the game allows
[2026-10-10T10:10:49.500Z]  @firebase/firestore: Firestore (10.14.1): GrpcConnection RPC 'Write' stream 0x50b5e92a error. Code: 7 Message: 7 PERMISSION_DENIED: 
false for 'create' @ L105, evaluation error at L107:28 for 'update' @ L107, false for 'create' @ L105
[2026-10-10T10:10:49.521Z]  @firebase/firestore: Firestore (10.14.1): GrpcConnection RPC 'Write' stream 0x50b5e92b error. Code: 7 Message: 7 PERMISSION_DENIED: 
false for 'create' @ L105, evaluation error at L107:28 for 'update' @ L107, false for 'create' @ L105
[2026-10-10T10:10:49.542Z]  @firebase/firestore: Firestore (10.14.1): GrpcConnection RPC 'Write' stream 0x50b5e92c error. Code: 7 Message: 7 PERMISSION_DENIED: 
evaluation error at L107:28 for 'update' @ L107, false for 'update' @ L107
[2026-10-10T10:10:49.555Z]  @firebase/firestore: Firestore (10.14.1): GrpcConnection RPC 'Write' stream 0x50b5e92d error. Code: 7 Message: 7 PERMISSION_DENIED: 
evaluation error at L110:28 for 'delete' @ L110, false for 'delete' @ L110
ok   - cities: claim own tile ok; HP fields, other players' cities: denied
[36m[1mi  functions:[22m[39m Beginning execution of "us-central1-hitBase"
[90m> [39m {"verifications":{"app":"MISSING","auth":"VALID"},"logging.googleapis.com/labels":{"firebase-log-type":"callable-request-verification"},"severity":"DEBUG","message":"Callable request verification passed"}
[36m[1mi  functions:[22m[39m Finished "us-central1-hitBase" in 272.419187ms
[36m[1mi  functions:[22m[39m Beginning execution of "us-central1-hitBase"
[90m> [39m {"verifications":{"app":"MISSING","auth":"VALID"},"logging.googleapis.com/labels":{"firebase-log-type":"callable-request-verification"},"severity":"DEBUG","message":"Callable request verification passed"}
[36m[1mi  functions:[22m[39m Finished "us-central1-hitBase" in 23.637511ms
[36m[1mi  functions:[22m[39m Beginning execution of "us-central1-hitBase"
[90m> [39m {"verifications":{"app":"MISSING","auth":"VALID"},"logging.googleapis.com/labels":{"firebase-log-type":"callable-request-verification"},"severity":"DEBUG","message":"Callable request verification passed"}
[36m[1mi  functions:[22m[39m Finished "us-central1-hitBase" in 14.273078ms
[2026-10-10T10:10:50.744Z]  @firebase/firestore: Firestore (10.14.1): GrpcConnection RPC 'Write' stream 0x50b5e929 error. Code: 7 Message: 7 PERMISSION_DENIED: 
evaluation error at L107:28 for 'update' @ L107, false for 'update' @ L107
[2026-10-10T10:10:50.762Z]  @firebase/firestore: Firestore (10.14.1): GrpcConnection RPC 'Write' stream 0x50b5e92f error. Code: 7 Message: 7 PERMISSION_DENIED: 
evaluation error at L107:28 for 'update' @ L107, false for 'update' @ L107
ok   - hits: server only, no hitting yourself, 30s cooldown per target
[36m[1mi  functions:[22m[39m Beginning execution of "us-central1-extinguishBase"
[90m> [39m {"verifications":{"app":"MISSING","auth":"VALID"},"logging.googleapis.com/labels":{"firebase-log-type":"callable-request-verification"},"severity":"DEBUG","message":"Callable request verification passed"}
[36m[1mi  functions:[22m[39m Finished "us-central1-extinguishBase" in 286.762491ms
[36m[1mi  functions:[22m[39m Beginning execution of "us-central1-extinguishBase"
[90m> [39m {"verifications":{"app":"MISSING","auth":"VALID"},"logging.googleapis.com/labels":{"firebase-log-type":"callable-request-verification"},"severity":"DEBUG","message":"Callable request verification passed"}
[36m[1mi  functions:[22m[39m Finished "us-central1-extinguishBase" in 49.186345ms
[36m[1mi  functions:[22m[39m Beginning execution of "us-central1-extinguishBase"
[90m> [39m {"verifications":{"app":"MISSING","auth":"VALID"},"logging.googleapis.com/labels":{"firebase-log-type":"callable-request-verification"},"severity":"DEBUG","message":"Callable request verification passed"}
[36m[1mi  functions:[22m[39m Finished "us-central1-extinguishBase" in 22.900709ms
ok   - putting out my fire costs 100 gems (server-side)
[36m[1mi  functions:[22m[39m Beginning execution of "us-central1-repairBase"
[90m> [39m {"verifications":{"app":"MISSING","auth":"VALID"},"logging.googleapis.com/labels":{"firebase-log-type":"callable-request-verification"},"severity":"DEBUG","message":"Callable request verification passed"}
[36m[1mi  functions:[22m[39m Finished "us-central1-repairBase" in 256.60096ms
[36m[1mi  functions:[22m[39m Beginning execution of "us-central1-adminGrantGems"
[90m> [39m {"verifications":{"app":"MISSING","auth":"VALID"},"logging.googleapis.com/labels":{"firebase-log-type":"callable-request-verification"},"severity":"DEBUG","message":"Callable request verification passed"}
[36m[1mi  functions:[22m[39m Finished "us-central1-adminGrantGems" in 239.787816ms
[36m[1mi  functions:[22m[39m Beginning execution of "us-central1-adminGrantGems"
[90m> [39m {"verifications":{"app":"MISSING","auth":"VALID"},"logging.googleapis.com/labels":{"firebase-log-type":"callable-request-verification"},"severity":"DEBUG","message":"Callable request verification passed"}
[36m[1mi  functions:[22m[39m Finished "us-central1-adminGrantGems" in 27.584881ms
[36m[1mi  functions:[22m[39m Beginning execution of "us-central1-repairBase"
[90m> [39m {"verifications":{"app":"MISSING","auth":"VALID"},"logging.googleapis.com/labels":{"firebase-log-type":"callable-request-verification"},"severity":"DEBUG","message":"Callable request verification passed"}
[36m[1mi  functions:[22m[39m Finished "us-central1-repairBase" in 29.255847ms
ok   - repair needs gems; admin grant works; non-admin grant denied
[36m[1mi  functions:[22m[39m Beginning execution of "us-central1-hitBase"
[90m> [39m {"verifications":{"app":"MISSING","auth":"VALID"},"logging.googleapis.com/labels":{"firebase-log-type":"callable-request-verification"},"severity":"DEBUG","message":"Callable request verification passed"}
[36m[1mi  functions:[22m[39m Finished "us-central1-hitBase" in 30.811935ms
[36m[1mi  functions:[22m[39m Beginning execution of "us-central1-hitBase"
[90m> [39m {"verifications":{"app":"MISSING","auth":"VALID"},"logging.googleapis.com/labels":{"firebase-log-type":"callable-request-verification"},"severity":"DEBUG","message":"Callable request verification passed"}
[36m[1mi  functions:[22m[39m Finished "us-central1-hitBase" in 28.830769ms
[36m[1mi  functions:[22m[39m Beginning execution of "us-central1-extinguishAllyBase"
[90m> [39m {"verifications":{"app":"MISSING","auth":"VALID"},"logging.googleapis.com/labels":{"firebase-log-type":"callable-request-verification"},"severity":"DEBUG","message":"Callable request verification passed"}
[36m[1mi  functions:[22m[39m Finished "us-central1-extinguishAllyBase" in 277.6788ms
[36m[1mi  functions:[22m[39m Beginning execution of "us-central1-extinguishAllyBase"
[90m> [39m {"verifications":{"app":"MISSING","auth":"VALID"},"logging.googleapis.com/labels":{"firebase-log-type":"callable-request-verification"},"severity":"DEBUG","message":"Callable request verification passed"}
[36m[1mi  functions:[22m[39m Finished "us-central1-extinguishAllyBase" in 25.960386ms
ok   - alliances: no friendly fire; allies put out fires for free
[2026-10-10T10:11:26.501Z]  @firebase/firestore: Firestore (10.14.1): GrpcConnection RPC 'Write' stream 0x50b5e930 error. Code: 7 Message: 7 PERMISSION_DENIED: 
evaluation error at L110:28 for 'delete' @ L110, false for 'delete' @ L110
[36m[1mi  functions:[22m[39m Beginning execution of "us-central1-relocateCity"
[90m> [39m {"verifications":{"app":"MISSING","auth":"VALID"},"logging.googleapis.com/labels":{"firebase-log-type":"callable-request-verification"},"severity":"DEBUG","message":"Callable request verification passed"}
[36m[1mi  functions:[22m[39m Finished "us-central1-relocateCity" in 256.9763ms
[36m[1mi  functions:[22m[39m Beginning execution of "us-central1-relocateCity"
[90m> [39m {"verifications":{"app":"MISSING","auth":"VALID"},"logging.googleapis.com/labels":{"firebase-log-type":"callable-request-verification"},"severity":"DEBUG","message":"Callable request verification passed"}
[36m[1mi  functions:[22m[39m Finished "us-central1-relocateCity" in 20.335928ms
ok   - teleport keeps damage; deleting a damaged city client-side is denied
[2026-10-10T10:11:27.645Z]  @firebase/firestore: Firestore (10.14.1): GrpcConnection RPC 'Write' stream 0x50b5e931 error. Code: 7 Message: 7 PERMISSION_DENIED: 
false for 'create' @ L116, false for 'update' @ L119
[2026-10-10T10:11:27.668Z]  @firebase/firestore: Firestore (10.14.1): GrpcConnection RPC 'Write' stream 0x50b5e932 error. Code: 7 Message: 7 PERMISSION_DENIED: 
false for 'create' @ L116, false for 'update' @ L119
[2026-10-10T10:11:27.678Z]  @firebase/firestore: Firestore (10.14.1): GrpcConnection RPC 'Write' stream 0x50b5e933 error. Code: 7 Message: 7 PERMISSION_DENIED: 
false for 'update' @ L119
ok   - world chat: post as yourself only, max 500 chars, no edits
[2026-10-10T10:11:27.688Z]  @firebase/firestore: Firestore (10.14.1): GrpcConnection RPC 'Write' stream 0x50b5e934 error. Code: 7 Message: 7 PERMISSION_DENIED: 
false for 'create' @ L123, false for 'update' @ L123
[2026-10-10T10:11:27.713Z]  @firebase/firestore: Firestore (10.14.1): GrpcConnection RPC 'Write' stream 0x50b5e936 error. Code: 7 Message: 7 PERMISSION_DENIED: 
false for 'create' @ L124, false for 'update' @ L124
ok   - painted map: admin only
[2026-10-10T10:11:27.770Z]  @firebase/firestore: Firestore (10.14.1): GrpcConnection RPC 'Write' stream 0x50b5e938 error. Code: 7 Message: 7 PERMISSION_DENIED: 
false for 'create' @ L89, false for 'update' @ L89
ok   - ledger: every gem change is recorded by the server, readable only by the player and admins
[36m[1mi  functions:[22m[39m Beginning execution of "us-central1-adminDeliverPurchase"
[90m> [39m {"verifications":{"app":"MISSING","auth":"VALID"},"logging.googleapis.com/labels":{"firebase-log-type":"callable-request-verification"},"severity":"DEBUG","message":"Callable request verification passed"}
[36m[1mi  functions:[22m[39m Finished "us-central1-adminDeliverPurchase" in 231.868614ms
[36m[1mi  functions:[22m[39m Beginning execution of "us-central1-adminDeliverPurchase"
[90m> [39m {"verifications":{"app":"MISSING","auth":"VALID"},"logging.googleapis.com/labels":{"firebase-log-type":"callable-request-verification"},"severity":"DEBUG","message":"Callable request verification passed"}
[36m[1mi  functions:[22m[39m Finished "us-central1-adminDeliverPurchase" in 40.640983ms
[36m[1mi  functions:[22m[39m Beginning execution of "us-central1-adminDeliverPurchase"
[90m> [39m {"verifications":{"app":"MISSING","auth":"VALID"},"logging.googleapis.com/labels":{"firebase-log-type":"callable-request-verification"},"severity":"DEBUG","message":"Callable request verification passed"}
[36m[1mi  functions:[22m[39m Finished "us-central1-adminDeliverPurchase" in 24.674407ms
[2026-10-10T10:11:28.946Z]  @firebase/firestore: Firestore (10.14.1): GrpcConnection RPC 'Write' stream 0x50b5e939 error. Code: 7 Message: 7 PERMISSION_DENIED: 
false for 'create' @ L94, false for 'update' @ L94
[36m[1mi  functions:[22m[39m Beginning execution of "us-central1-adminDeliverPurchase"
[90m> [39m {"verifications":{"app":"MISSING","auth":"VALID"},"logging.googleapis.com/labels":{"firebase-log-type":"callable-request-verification"},"severity":"DEBUG","message":"Callable request verification passed"}
[36m[1mi  functions:[22m[39m Finished "us-central1-adminDeliverPurchase" in 20.672806ms
[36m[1mi  functions:[22m[39m Beginning execution of "us-central1-adminMarkPurchase"
[90m> [39m {"verifications":{"app":"MISSING","auth":"VALID"},"logging.googleapis.com/labels":{"firebase-log-type":"callable-request-verification"},"severity":"DEBUG","message":"Callable request verification passed"}
[36m[1mi  functions:[22m[39m Finished "us-central1-adminMarkPurchase" in 248.571751ms
ok   - purchases: delivered once per receipt, recorded, only admin can deliver/mark
[36m[1mi  functions:[22m[39m Beginning execution of "us-central1-touch"
[90m> [39m {"verifications":{"app":"MISSING","auth":"VALID"},"logging.googleapis.com/labels":{"firebase-log-type":"callable-request-verification"},"severity":"DEBUG","message":"Callable request verification passed"}
[36m[1mi  functions:[22m[39m Finished "us-central1-touch" in 255.474628ms
[2026-10-10T10:11:31.130Z]  @firebase/firestore: Firestore (10.14.1): GrpcConnection RPC 'Write' stream 0x50b5e93a error. Code: 7 Message: 7 PERMISSION_DENIED: 
false for 'create' @ L89, false for 'update' @ L89
ok   - account dates: server writes created/last seen; players can't edit them
[36m[1mi  functions:[22m[39m Beginning execution of "us-central1-adminSendMail"
[90m> [39m {"verifications":{"app":"MISSING","auth":"VALID"},"logging.googleapis.com/labels":{"firebase-log-type":"callable-request-verification"},"severity":"DEBUG","message":"Callable request verification passed"}
[36m[1mi  functions:[22m[39m Finished "us-central1-adminSendMail" in 234.183014ms
[36m[1mi  functions:[22m[39m Beginning execution of "us-central1-adminSendMail"
[90m> [39m {"verifications":{"app":"MISSING","auth":"VALID"},"logging.googleapis.com/labels":{"firebase-log-type":"callable-request-verification"},"severity":"DEBUG","message":"Callable request verification passed"}
[36m[1mi  functions:[22m[39m Finished "us-central1-adminSendMail" in 2.868888ms
[36m[1mi  functions:[22m[39m Beginning execution of "us-central1-adminSendMail"
[90m> [39m {"verifications":{"app":"MISSING","auth":"VALID"},"logging.googleapis.com/labels":{"firebase-log-type":"callable-request-verification"},"severity":"DEBUG","message":"Callable request verification passed"}
[36m[1mi  functions:[22m[39m Finished "us-central1-adminSendMail" in 22.183967ms
[2026-10-10T10:11:32.236Z]  @firebase/firestore: Firestore (10.14.1): GrpcConnection RPC 'Write' stream 0x50b5e93b error. Code: 7 Message: 7 PERMISSION_DENIED: 
false for 'create' @ L89, false for 'update' @ L89
[2026-10-10T10:11:32.243Z]  @firebase/firestore: Firestore (10.14.1): GrpcConnection RPC 'Write' stream 0x50b5e93c error. Code: 7 Message: 7 PERMISSION_DENIED: 
false for 'update' @ L89
[36m[1mi  functions:[22m[39m Beginning execution of "us-central1-claimMail"
[90m> [39m {"verifications":{"app":"MISSING","auth":"VALID"},"logging.googleapis.com/labels":{"firebase-log-type":"callable-request-verification"},"severity":"DEBUG","message":"Callable request verification passed"}
[36m[1mi  functions:[22m[39m Finished "us-central1-claimMail" in 255.091827ms
[36m[1mi  functions:[22m[39m Beginning execution of "us-central1-claimMail"
[90m> [39m {"verifications":{"app":"MISSING","auth":"VALID"},"logging.googleapis.com/labels":{"firebase-log-type":"callable-request-verification"},"severity":"DEBUG","message":"Callable request verification passed"}
[36m[1mi  functions:[22m[39m Finished "us-central1-claimMail" in 16.594453ms
[36m[1mi  functions:[22m[39m Beginning execution of "us-central1-claimMail"
[90m> [39m {"verifications":{"app":"MISSING","auth":"VALID"},"logging.googleapis.com/labels":{"firebase-log-type":"callable-request-verification"},"severity":"DEBUG","message":"Callable request verification passed"}
[36m[1mi  functions:[22m[39m Finished "us-central1-claimMail" in 19.343292ms
[36m[1mi  functions:[22m[39m Beginning execution of "us-central1-adminPlayerInfo"
[90m> [39m {"verifications":{"app":"MISSING","auth":"VALID"},"logging.googleapis.com/labels":{"firebase-log-type":"callable-request-verification"},"severity":"DEBUG","message":"Callable request verification passed"}
[36m[1mi  functions:[22m[39m Finished "us-central1-adminPlayerInfo" in 260.974103ms
ok   - mail: admin sends any items; player claims once; each item recorded; players can't fake mail
[36m[1mi  functions:[22m[39m Beginning execution of "us-central1-adminFindPlayers"
[90m> [39m {"verifications":{"app":"MISSING","auth":"VALID"},"logging.googleapis.com/labels":{"firebase-log-type":"callable-request-verification"},"severity":"DEBUG","message":"Callable request verification passed"}
[36m[1mi  functions:[22m[39m Finished "us-central1-adminFindPlayers" in 265.592266ms
[36m[1mi  functions:[22m[39m Beginning execution of "us-central1-adminFindPlayers"
[90m> [39m {"verifications":{"app":"MISSING","auth":"VALID"},"logging.googleapis.com/labels":{"firebase-log-type":"callable-request-verification"},"severity":"DEBUG","message":"Callable request verification passed"}
[36m[1mi  functions:[22m[39m Finished "us-central1-adminFindPlayers" in 15.592981ms
[36m[1mi  functions:[22m[39m Beginning execution of "us-central1-adminFindPlayers"
[90m> [39m {"verifications":{"app":"MISSING","auth":"VALID"},"logging.googleapis.com/labels":{"firebase-log-type":"callable-request-verification"},"severity":"DEBUG","message":"Callable request verification passed"}
[36m[1mi  functions:[22m[39m Finished "us-central1-adminFindPlayers" in 10.889699ms
[36m[1mi  functions:[22m[39m Beginning execution of "us-central1-adminPlayerInfo"
[90m> [39m {"verifications":{"app":"MISSING","auth":"VALID"},"logging.googleapis.com/labels":{"firebase-log-type":"callable-request-verification"},"severity":"DEBUG","message":"Callable request verification passed"}
[36m[1mi  functions:[22m[39m Finished "us-central1-adminPlayerInfo" in 13.43962ms
[36m[1mi  functions:[22m[39m Beginning execution of "us-central1-adminCatalog"
[90m> [39m {"verifications":{"app":"MISSING","auth":"VALID"},"logging.googleapis.com/labels":{"firebase-log-type":"callable-request-verification"},"severity":"DEBUG","message":"Callable request verification passed"}
[36m[1mi  functions:[22m[39m Finished "us-central1-adminCatalog" in 253.007084ms
[36m[1mi  functions:[22m[39m Beginning execution of "us-central1-adminSendMail"
[90m> [39m {"verifications":{"app":"MISSING","auth":"VALID"},"logging.googleapis.com/labels":{"firebase-log-type":"callable-request-verification"},"severity":"DEBUG","message":"Callable request verification passed"}
[36m[1mi  functions:[22m[39m Finished "us-central1-adminSendMail" in 23.151585ms
ok   - admin lookups: search by id/name, info, catalog; mail to all; non-admins refused
[36m[1mi  functions:[22m[39m Beginning execution of "us-central1-adminSendMail"
[90m> [39m {"verifications":{"app":"MISSING","auth":"VALID"},"logging.googleapis.com/labels":{"firebase-log-type":"callable-request-verification"},"severity":"DEBUG","message":"Callable request verification passed"}
[36m[1mi  functions:[22m[39m Finished "us-central1-adminSendMail" in 11.342317ms
[36m[1mi  functions:[22m[39m Beginning execution of "us-central1-claimMail"
[90m> [39m {"verifications":{"app":"MISSING","auth":"VALID"},"logging.googleapis.com/labels":{"firebase-log-type":"callable-request-verification"},"severity":"DEBUG","message":"Callable request verification passed"}
[36m[1mi  functions:[22m[39m Finished "us-central1-claimMail" in 19.768642ms
ok   - message-only mail (v939): no items, claiming just marks it read
[36m[1mi  functions:[22m[39m Beginning execution of "us-central1-adminSavePack"
[90m> [39m {"verifications":{"app":"MISSING","auth":"VALID"},"logging.googleapis.com/labels":{"firebase-log-type":"callable-request-verification"},"severity":"DEBUG","message":"Callable request verification passed"}
[36m[1mi  functions:[22m[39m Finished "us-central1-adminSavePack" in 233.269823ms
[36m[1mi  functions:[22m[39m Beginning execution of "us-central1-adminSavePack"
[90m> [39m {"verifications":{"app":"MISSING","auth":"VALID"},"logging.googleapis.com/labels":{"firebase-log-type":"callable-request-verification"},"severity":"DEBUG","message":"Callable request verification passed"}
[36m[1mi  functions:[22m[39m Finished "us-central1-adminSavePack" in 37.971344ms
[36m[1mi  functions:[22m[39m Beginning execution of "us-central1-adminSavePack"
[90m> [39m {"verifications":{"app":"MISSING","auth":"VALID"},"logging.googleapis.com/labels":{"firebase-log-type":"callable-request-verification"},"severity":"DEBUG","message":"Callable request verification passed"}
[36m[1mi  functions:[22m[39m Finished "us-central1-adminSavePack" in 23.130842ms
[2026-10-10T10:11:37.882Z]  @firebase/firestore: Firestore (10.14.1): GrpcConnection RPC 'Write' stream 0x50b5e93d error. Code: 7 Message: 7 PERMISSION_DENIED: 
false for 'create' @ L128, false for 'update' @ L128
[36m[1mi  functions:[22m[39m Beginning execution of "us-central1-adminSaveShop"
[90m> [39m {"verifications":{"app":"MISSING","auth":"VALID"},"logging.googleapis.com/labels":{"firebase-log-type":"callable-request-verification"},"severity":"DEBUG","message":"Callable request verification passed"}
[36m[1mi  functions:[22m[39m Finished "us-central1-adminSaveShop" in 214.456559ms
[36m[1mi  functions:[22m[39m Beginning execution of "us-central1-adminSaveShop"
[90m> [39m {"verifications":{"app":"MISSING","auth":"VALID"},"logging.googleapis.com/labels":{"firebase-log-type":"callable-request-verification"},"severity":"DEBUG","message":"Callable request verification passed"}
[36m[1mi  functions:[22m[39m Finished "us-central1-adminSaveShop" in 21.537863ms
[36m[1mi  functions:[22m[39m Beginning execution of "us-central1-adminSaveShop"
[90m> [39m {"verifications":{"app":"MISSING","auth":"VALID"},"logging.googleapis.com/labels":{"firebase-log-type":"callable-request-verification"},"severity":"DEBUG","message":"Callable request verification passed"}
[36m[1mi  functions:[22m[39m Finished "us-central1-adminSaveShop" in 37.970328ms
[2026-10-10T10:11:38.996Z]  @firebase/firestore: Firestore (10.14.1): GrpcConnection RPC 'Write' stream 0x50b5e93f error. Code: 7 Message: 7 PERMISSION_DENIED: 
false for 'create' @ L127, false for 'update' @ L127
[36m[1mi  functions:[22m[39m Beginning execution of "us-central1-adminCatalog"
[90m> [39m {"verifications":{"app":"MISSING","auth":"VALID"},"logging.googleapis.com/labels":{"firebase-log-type":"callable-request-verification"},"severity":"DEBUG","message":"Callable request verification passed"}
[36m[1mi  functions:[22m[39m Finished "us-central1-adminCatalog" in 24.389809ms
[36m[1mi  functions:[22m[39m Beginning execution of "us-central1-adminDeliverPurchase"
[90m> [39m {"verifications":{"app":"MISSING","auth":"VALID"},"logging.googleapis.com/labels":{"firebase-log-type":"callable-request-verification"},"severity":"DEBUG","message":"Callable request verification passed"}
[36m[1mi  functions:[22m[39m Finished "us-central1-adminDeliverPurchase" in 47.105165ms
[36m[1mi  functions:[22m[39m Beginning execution of "us-central1-adminDeliverPurchase"
[90m> [39m {"verifications":{"app":"MISSING","auth":"VALID"},"logging.googleapis.com/labels":{"firebase-log-type":"callable-request-verification"},"severity":"DEBUG","message":"Callable request verification passed"}
[36m[1mi  functions:[22m[39m Finished "us-central1-adminDeliverPurchase" in 22.018125ms
[36m[1mi  functions:[22m[39m Beginning execution of "us-central1-adminDeliverPurchase"
[90m> [39m {"verifications":{"app":"MISSING","auth":"VALID"},"logging.googleapis.com/labels":{"firebase-log-type":"callable-request-verification"},"severity":"DEBUG","message":"Callable request verification passed"}
[36m[1mi  functions:[22m[39m Finished "us-central1-adminDeliverPurchase" in 17.38067ms
[36m[1mi  functions:[22m[39m Beginning execution of "us-central1-adminDeliverPurchase"
[90m> [39m {"verifications":{"app":"MISSING","auth":"VALID"},"logging.googleapis.com/labels":{"firebase-log-type":"callable-request-verification"},"severity":"DEBUG","message":"Callable request verification passed"}
[36m[1mi  functions:[22m[39m Finished "us-central1-adminDeliverPurchase" in 29.60206ms
[36m[1mi  functions:[22m[39m Beginning execution of "us-central1-adminDeliverPurchase"
[90m> [39m {"verifications":{"app":"MISSING","auth":"VALID"},"logging.googleapis.com/labels":{"firebase-log-type":"callable-request-verification"},"severity":"DEBUG","message":"Callable request verification passed"}
[36m[1mi  functions:[22m[39m Finished "us-central1-adminDeliverPurchase" in 15.35466ms
[36m[1mi  functions:[22m[39m Beginning execution of "us-central1-adminSaveShop"
[90m> [39m {"verifications":{"app":"MISSING","auth":"VALID"},"logging.googleapis.com/labels":{"firebase-log-type":"callable-request-verification"},"severity":"DEBUG","message":"Callable request verification passed"}
[36m[1mi  functions:[22m[39m Finished "us-central1-adminSaveShop" in 22.965263ms
[36m[1mi  functions:[22m[39m Beginning execution of "us-central1-adminDeliverPurchase"
[90m> [39m {"verifications":{"app":"MISSING","auth":"VALID"},"logging.googleapis.com/labels":{"firebase-log-type":"callable-request-verification"},"severity":"DEBUG","message":"Callable request verification passed"}
[36m[1mi  functions:[22m[39m Finished "us-central1-adminDeliverPurchase" in 19.841029ms
[2026-10-10T10:11:39.238Z]  @firebase/firestore: Firestore (10.14.1): GrpcConnection RPC 'Write' stream 0x50b5e940 error. Code: 7 Message: 7 PERMISSION_DENIED: 
false for 'create' @ L89, false for 'update' @ L89
[36m[1mi  functions:[22m[39m Beginning execution of "us-central1-adminSavePack"
[90m> [39m {"verifications":{"app":"MISSING","auth":"VALID"},"logging.googleapis.com/labels":{"firebase-log-type":"callable-request-verification"},"severity":"DEBUG","message":"Callable request verification passed"}
[36m[1mi  functions:[22m[39m Finished "us-central1-adminSavePack" in 23.50327ms
[36m[1mi  functions:[22m[39m Beginning execution of "us-central1-adminDeliverPurchase"
[90m> [39m {"verifications":{"app":"MISSING","auth":"VALID"},"logging.googleapis.com/labels":{"firebase-log-type":"callable-request-verification"},"severity":"DEBUG","message":"Callable request verification passed"}
[36m[1mi  functions:[22m[39m Finished "us-central1-adminDeliverPurchase" in 25.960362ms
[36m[1mi  functions:[22m[39m Beginning execution of "us-central1-claimTopup"
[90m> [39m {"verifications":{"app":"MISSING","auth":"VALID"},"logging.googleapis.com/labels":{"firebase-log-type":"callable-request-verification"},"severity":"DEBUG","message":"Callable request verification passed"}
[36m[1mi  functions:[22m[39m Finished "us-central1-claimTopup" in 302.93796ms
[36m[1mi  functions:[22m[39m Beginning execution of "us-central1-claimTopup"
[90m> [39m {"verifications":{"app":"MISSING","auth":"VALID"},"logging.googleapis.com/labels":{"firebase-log-type":"callable-request-verification"},"severity":"DEBUG","message":"Callable request verification passed"}
[36m[1mi  functions:[22m[39m Finished "us-central1-claimTopup" in 16.852578ms
[36m[1mi  functions:[22m[39m Beginning execution of "us-central1-claimTopup"
[90m> [39m {"verifications":{"app":"MISSING","auth":"VALID"},"logging.googleapis.com/labels":{"firebase-log-type":"callable-request-verification"},"severity":"DEBUG","message":"Callable request verification passed"}
[36m[1mi  functions:[22m[39m Finished "us-central1-claimTopup" in 14.647101ms
[36m[1mi  functions:[22m[39m Beginning execution of "us-central1-adminDeletePack"
[90m> [39m {"verifications":{"app":"MISSING","auth":"VALID"},"logging.googleapis.com/labels":{"firebase-log-type":"callable-request-verification"},"severity":"DEBUG","message":"Callable request verification passed"}
[36m[1mi  functions:[22m[39m Finished "us-central1-adminDeletePack" in 12.861026ms
[36m[1mi  functions:[22m[39m Beginning execution of "us-central1-adminDeletePack"
[90m> [39m {"verifications":{"app":"MISSING","auth":"VALID"},"logging.googleapis.com/labels":{"firebase-log-type":"callable-request-verification"},"severity":"DEBUG","message":"Callable request verification passed"}
[36m[1mi  functions:[22m[39m Finished "us-central1-adminDeletePack" in 254.149809ms
ok   - shop (v943): packs + tiers + tabs made by admins only; players read them; delivery = gems + other items by mail; buy limits
[36m[1mi  functions:[22m[39m Beginning execution of "us-central1-adminSaveEvents"
[90m> [39m {"verifications":{"app":"MISSING","auth":"VALID"},"logging.googleapis.com/labels":{"firebase-log-type":"callable-request-verification"},"severity":"DEBUG","message":"Callable request verification passed"}
[36m[1mi  functions:[22m[39m Finished "us-central1-adminSaveEvents" in 245.648133ms
[36m[1mi  functions:[22m[39m Beginning execution of "us-central1-adminSaveEvents"
[90m> [39m {"verifications":{"app":"MISSING","auth":"VALID"},"logging.googleapis.com/labels":{"firebase-log-type":"callable-request-verification"},"severity":"DEBUG","message":"Callable request verification passed"}
[36m[1mi  functions:[22m[39m Finished "us-central1-adminSaveEvents" in 25.932041ms
[2026-10-10T10:11:42.643Z]  @firebase/firestore: Firestore (10.14.1): GrpcConnection RPC 'Write' stream 0x50b5e941 error. Code: 7 Message: 7 PERMISSION_DENIED: 
false for 'create' @ L127, false for 'update' @ L127
[36m[1mi  functions:[22m[39m Beginning execution of "us-central1-touch"
[90m> [39m {"verifications":{"app":"MISSING","auth":"VALID"},"logging.googleapis.com/labels":{"firebase-log-type":"callable-request-verification"},"severity":"DEBUG","message":"Callable request verification passed"}
[36m[1mi  functions:[22m[39m Finished "us-central1-touch" in 17.653533ms
[36m[1mi  functions:[22m[39m Beginning execution of "us-central1-onSaveWriteTest"
[36m[1mi  functions:[22m[39m Finished "us-central1-onSaveWriteTest" in 17.263021ms
[36m[1mi  functions:[22m[39m Beginning execution of "us-central1-claimEvent"
[90m> [39m {"verifications":{"app":"MISSING","auth":"VALID"},"logging.googleapis.com/labels":{"firebase-log-type":"callable-request-verification"},"severity":"DEBUG","message":"Callable request verification passed"}
[36m[1mi  functions:[22m[39m Finished "us-central1-claimEvent" in 263.493526ms
[36m[1mi  functions:[22m[39m Beginning execution of "us-central1-claimEvent"
[36m[1mi  functions:[22m[39m Beginning execution of "us-central1-onSaveWriteTest"
[90m> [39m {"verifications":{"app":"MISSING","auth":"VALID"},"logging.googleapis.com/labels":{"firebase-log-type":"callable-request-verification"},"severity":"DEBUG","message":"Callable request verification passed"}
[36m[1mi  functions:[22m[39m Finished "us-central1-onSaveWriteTest" in 3.115212ms
[36m[1mi  functions:[22m[39m Finished "us-central1-claimEvent" in 54.361767ms
[36m[1mi  functions:[22m[39m Beginning execution of "us-central1-claimEvent"
[90m> [39m {"verifications":{"app":"MISSING","auth":"VALID"},"logging.googleapis.com/labels":{"firebase-log-type":"callable-request-verification"},"severity":"DEBUG","message":"Callable request verification passed"}
[36m[1mi  functions:[22m[39m Finished "us-central1-claimEvent" in 20.772958ms
[36m[1mi  functions:[22m[39m Beginning execution of "us-central1-claimEvent"
[90m> [39m {"verifications":{"app":"MISSING","auth":"VALID"},"logging.googleapis.com/labels":{"firebase-log-type":"callable-request-verification"},"severity":"DEBUG","message":"Callable request verification passed"}
[36m[1mi  functions:[22m[39m Finished "us-central1-claimEvent" in 18.287827ms
ok   - events (v946): admins make events; claims checked against the saved power and the player's own window
[36m[1mi  functions:[22m[39m Beginning execution of "us-central1-adminMaintenance"
[90m> [39m {"verifications":{"app":"MISSING","auth":"VALID"},"logging.googleapis.com/labels":{"firebase-log-type":"callable-request-verification"},"severity":"DEBUG","message":"Callable request verification passed"}
[36m[1mi  functions:[22m[39m Finished "us-central1-adminMaintenance" in 215.120367ms
[36m[1mi  functions:[22m[39m Beginning execution of "us-central1-adminMaintenance"
[90m> [39m {"verifications":{"app":"MISSING","auth":"VALID"},"logging.googleapis.com/labels":{"firebase-log-type":"callable-request-verification"},"severity":"DEBUG","message":"Callable request verification passed"}
[36m[1mi  functions:[22m[39m Finished "us-central1-adminMaintenance" in 23.759123ms
[2026-10-10T10:11:45.137Z]  @firebase/firestore: Firestore (10.14.1): GrpcConnection RPC 'Write' stream 0x50b5e942 error. Code: 7 Message: 7 PERMISSION_DENIED: 
false for 'create' @ L127, false for 'update' @ L127
[2026-10-10T10:11:45.149Z]  @firebase/firestore: Firestore (10.14.1): GrpcConnection RPC 'Write' stream 0x50b5e943 error. Code: 7 Message: 7 PERMISSION_DENIED: 
evaluation error at L89:27 for 'create' @ L89, evaluation error at L89:27 for 'update' @ L89, false for 'update' @ L89
[36m[1mi  functions:[22m[39m Beginning execution of "us-central1-claimLevel"
[90m> [39m {"verifications":{"app":"MISSING","auth":"VALID"},"logging.googleapis.com/labels":{"firebase-log-type":"callable-request-verification"},"severity":"DEBUG","message":"Callable request verification passed"}
[36m[1mi  functions:[22m[39m Finished "us-central1-claimLevel" in 9.384476ms
[36m[1mi  functions:[22m[39m Beginning execution of "us-central1-claimMail"
[90m> [39m {"verifications":{"app":"MISSING","auth":"VALID"},"logging.googleapis.com/labels":{"firebase-log-type":"callable-request-verification"},"severity":"DEBUG","message":"Callable request verification passed"}
[36m[1mi  functions:[22m[39m Finished "us-central1-claimMail" in 8.141093ms
[36m[1mi  functions:[22m[39m Beginning execution of "us-central1-adminFindPlayers"
[90m> [39m {"verifications":{"app":"MISSING","auth":"VALID"},"logging.googleapis.com/labels":{"firebase-log-type":"callable-request-verification"},"severity":"DEBUG","message":"Callable request verification passed"}
[36m[1mi  functions:[22m[39m Finished "us-central1-adminFindPlayers" in 20.018679ms
[36m[1mi  functions:[22m[39m Beginning execution of "us-central1-onSaveWriteTest"
[36m[1mi  functions:[22m[39m Finished "us-central1-onSaveWriteTest" in 2.945086ms
[36m[1mi  functions:[22m[39m Beginning execution of "us-central1-adminMaintenance"
[90m> [39m {"verifications":{"app":"MISSING","auth":"VALID"},"logging.googleapis.com/labels":{"firebase-log-type":"callable-request-verification"},"severity":"DEBUG","message":"Callable request verification passed"}
[36m[1mi  functions:[22m[39m Finished "us-central1-adminMaintenance" in 15.798914ms
[36m[1mi  functions:[22m[39m Beginning execution of "us-central1-adminMaintenance"
[90m> [39m {"verifications":{"app":"MISSING","auth":"VALID"},"logging.googleapis.com/labels":{"firebase-log-type":"callable-request-verification"},"severity":"DEBUG","message":"Callable request verification passed"}
[36m[1mi  functions:[22m[39m Finished "us-central1-adminMaintenance" in 9.919818ms
ok   - maintenance (v942): admin switch; players locked out of saves and server calls; admins and the other env unaffected
[36m[1mi  functions:[22m[39m Beginning execution of "us-central1-onSaveWriteLive"
[36m[1mi  functions:[22m[39m Beginning execution of "us-central1-adminSecAction"
[90m> [39m {"verifications":{"app":"MISSING","auth":"VALID"},"logging.googleapis.com/labels":{"firebase-log-type":"callable-request-verification"},"severity":"DEBUG","message":"Callable request verification passed"}
[36m[1mi  functions:[22m[39m Finished "us-central1-onSaveWriteLive" in 221.433157ms
[36m[1mi  functions:[22m[39m Beginning execution of "us-central1-onSaveWriteTest"
[36m[1mi  functions:[22m[39m Finished "us-central1-onSaveWriteTest" in 3.319801ms
[36m[1mi  functions:[22m[39m Finished "us-central1-adminSecAction" in 237.431637ms
[36m[1mi  functions:[22m[39m Beginning execution of "us-central1-adminSecOverview"
[90m> [39m {"verifications":{"app":"MISSING","auth":"VALID"},"logging.googleapis.com/labels":{"firebase-log-type":"callable-request-verification"},"severity":"DEBUG","message":"Callable request verification passed"}
[36m[1mi  functions:[22m[39m Finished "us-central1-adminSecOverview" in 262.78781ms
[36m[1mi  functions:[22m[39m Beginning execution of "us-central1-onSaveWriteTest"
[36m[1mi  functions:[22m[39m Beginning execution of "us-central1-adminSecAction"
[90m> [39m {"verifications":{"app":"MISSING","auth":"VALID"},"logging.googleapis.com/labels":{"firebase-log-type":"callable-request-verification"},"severity":"DEBUG","message":"Callable request verification passed"}
[36m[1mi  functions:[22m[39m Finished "us-central1-onSaveWriteTest" in 11.358349ms
[36m[1mi  functions:[22m[39m Finished "us-central1-adminSecAction" in 33.051462ms
[2026-10-10T10:11:58.659Z]  @firebase/firestore: Firestore (10.14.1): GrpcConnection RPC 'Write' stream 0x50b5e945 error. Code: 7 Message: 7 PERMISSION_DENIED: 
evaluation error at L89:27 for 'create' @ L89, evaluation error at L89:27 for 'update' @ L89, false for 'update' @ L89
[2026-10-10T10:11:58.675Z]  @firebase/firestore: Firestore (10.14.1): GrpcConnection RPC 'Write' stream 0x50b5e946 error. Code: 7 Message: 7 PERMISSION_DENIED: 
false for 'create' @ L134, false for 'update' @ L134
[36m[1mi  functions:[22m[39m Beginning execution of "us-central1-claimLevel"
[90m> [39m {"verifications":{"app":"MISSING","auth":"VALID"},"logging.googleapis.com/labels":{"firebase-log-type":"callable-request-verification"},"severity":"DEBUG","message":"Callable request verification passed"}
[36m[1mi  functions:[22m[39m Finished "us-central1-claimLevel" in 11.427617ms
[36m[1mi  functions:[22m[39m Beginning execution of "us-central1-adminSecAction"
[90m> [39m {"verifications":{"app":"MISSING","auth":"VALID"},"logging.googleapis.com/labels":{"firebase-log-type":"callable-request-verification"},"severity":"DEBUG","message":"Callable request verification passed"}
[36m[1mi  functions:[22m[39m Finished "us-central1-adminSecAction" in 18.823007ms
[36m[1mi  functions:[22m[39m Beginning execution of "us-central1-onSaveWriteTest"
[36m[1mi  functions:[22m[39m Beginning execution of "us-central1-adminSecAction"
[90m> [39m {"verifications":{"app":"MISSING","auth":"VALID"},"logging.googleapis.com/labels":{"firebase-log-type":"callable-request-verification"},"severity":"DEBUG","message":"Callable request verification passed"}
[36m[1mi  functions:[22m[39m Finished "us-central1-onSaveWriteTest" in 10.404417ms
[36m[1mi  functions:[22m[39m Finished "us-central1-adminSecAction" in 14.798031ms
[2026-10-10T10:12:14.756Z]  @firebase/firestore: Firestore (10.14.1): GrpcConnection RPC 'Write' stream 0x50b5e947 error. Code: 7 Message: 7 PERMISSION_DENIED: 
evaluation error at L89:27 for 'create' @ L89, evaluation error at L89:27 for 'update' @ L89, false for 'update' @ L89
[36m[1mi  functions:[22m[39m Beginning execution of "us-central1-adminSecAction"
[90m> [39m {"verifications":{"app":"MISSING","auth":"VALID"},"logging.googleapis.com/labels":{"firebase-log-type":"callable-request-verification"},"severity":"DEBUG","message":"Callable request verification passed"}
[36m[1mi  functions:[22m[39m Finished "us-central1-adminSecAction" in 15.630333ms
[36m[1mi  functions:[22m[39m Beginning execution of "us-central1-onSaveWriteTest"
[90m> [39m anti-cheat flag envs/test/ ls4fznoZCxDrLCYqhdYPlhZWH6iP ["gold +8,999,999,900 in 18s (limit 109,735)"] 
[36m[1mi  functions:[22m[39m Finished "us-central1-onSaveWriteTest" in 23.326365ms
[36m[1mi  functions:[22m[39m Beginning execution of "us-central1-adminSecOverview"
[90m> [39m {"verifications":{"app":"MISSING","auth":"VALID"},"logging.googleapis.com/labels":{"firebase-log-type":"callable-request-verification"},"severity":"DEBUG","message":"Callable request verification passed"}
[36m[1mi  functions:[22m[39m Finished "us-central1-adminSecOverview" in 30.796005ms
[36m[1mi  functions:[22m[39m Beginning execution of "us-central1-adminSecAction"
[90m> [39m {"verifications":{"app":"MISSING","auth":"VALID"},"logging.googleapis.com/labels":{"firebase-log-type":"callable-request-verification"},"severity":"DEBUG","message":"Callable request verification passed"}
[36m[1mi  functions:[22m[39m Beginning execution of "us-central1-onSaveWriteTest"
[36m[1mi  functions:[22m[39m Finished "us-central1-onSaveWriteTest" in 3.564381ms
[36m[1mi  functions:[22m[39m Finished "us-central1-adminSecAction" in 38.042948ms
[2026-10-10T10:12:17.378Z]  @firebase/firestore: Firestore (10.14.1): GrpcConnection RPC 'Write' stream 0x50b5e948 error. Code: 7 Message: 7 PERMISSION_DENIED: 
evaluation error at L89:27 for 'create' @ L89, evaluation error at L89:27 for 'update' @ L89, false for 'update' @ L89
[36m[1mi  functions:[22m[39m Beginning execution of "us-central1-adminSecAudit"
[90m> [39m {"verifications":{"app":"MISSING","auth":"VALID"},"logging.googleapis.com/labels":{"firebase-log-type":"callable-request-verification"},"severity":"DEBUG","message":"Callable request verification passed"}
[36m[1mi  functions:[22m[39m Finished "us-central1-adminSecAudit" in 257.420161ms
[36m[1mi  functions:[22m[39m Beginning execution of "us-central1-adminSecConfig"
[90m> [39m {"verifications":{"app":"MISSING","auth":"VALID"},"logging.googleapis.com/labels":{"firebase-log-type":"callable-request-verification"},"severity":"DEBUG","message":"Callable request verification passed"}
[36m[1mi  functions:[22m[39m Finished "us-central1-adminSecConfig" in 241.517887ms
[36m[1mi  functions:[22m[39m Beginning execution of "us-central1-onSaveWriteTest"
[36m[1mi  functions:[22m[39m Finished "us-central1-onSaveWriteTest" in 8.776003ms
[36m[1mi  functions:[22m[39m Beginning execution of "us-central1-onSaveWriteTest"
[90m> [39m anti-cheat flag envs/test/ 9ld3W36C9MsiX8K4tMlPcWiiJAHw ["gold +8,999,999,900 in 2s (limit 104,927)"] REVERTED
[36m[1mi  functions:[22m[39m Finished "us-central1-onSaveWriteTest" in 19.869495ms
[36m[1mi  functions:[22m[39m Beginning execution of "us-central1-onSaveWriteTest"
[36m[1mi  functions:[22m[39m Finished "us-central1-onSaveWriteTest" in 1.595816ms
[36m[1mi  functions:[22m[39m Beginning execution of "us-central1-adminSecConfig"
[90m> [39m {"verifications":{"app":"MISSING","auth":"VALID"},"logging.googleapis.com/labels":{"firebase-log-type":"callable-request-verification"},"severity":"DEBUG","message":"Callable request verification passed"}
[36m[1mi  functions:[22m[39m Finished "us-central1-adminSecConfig" in 11.687368ms
[36m[1mi  functions:[22m[39m Beginning execution of "us-central1-adminSecAction"
[90m> [39m {"verifications":{"app":"MISSING","auth":"VALID"},"logging.googleapis.com/labels":{"firebase-log-type":"callable-request-verification"},"severity":"DEBUG","message":"Callable request verification passed"}
[36m[1mi  functions:[22m[39m Finished "us-central1-adminSecAction" in 16.173278ms
[36m[1mi  functions:[22m[39m Beginning execution of "us-central1-claimEvent"
[36m[1mi  functions:[22m[39m Beginning execution of "us-central1-onSaveWriteTest"
[36m[1mi  functions:[22m[39m Finished "us-central1-onSaveWriteTest" in 2.367303ms
[90m> [39m {"verifications":{"app":"MISSING","auth":"VALID"},"logging.googleapis.com/labels":{"firebase-log-type":"callable-request-verification"},"severity":"DEBUG","message":"Callable request verification passed"}
[36m[1mi  functions:[22m[39m Finished "us-central1-claimEvent" in 20.161295ms
[36m[1mi  functions:[22m[39m Beginning execution of "us-central1-adminSecAction"
[90m> [39m {"verifications":{"app":"MISSING","auth":"VALID"},"logging.googleapis.com/labels":{"firebase-log-type":"callable-request-verification"},"severity":"DEBUG","message":"Callable request verification passed"}
[36m[1mi  functions:[22m[39m Finished "us-central1-adminSecAction" in 17.946476ms
[36m[1mi  functions:[22m[39m Beginning execution of "us-central1-adminSecAction"
[90m> [39m {"verifications":{"app":"MISSING","auth":"VALID"},"logging.googleapis.com/labels":{"firebase-log-type":"callable-request-verification"},"severity":"DEBUG","message":"Callable request verification passed"}
[36m[1mi  functions:[22m[39m Finished "us-central1-adminSecAction" in 3.361099ms
ok   - security panel (v995): suspend / ban lock saves + server calls, the player sees their own notice, rollback restores the pre-flag save, auto-rollback, restrict
[36m[1mi  functions:[22m[39m Beginning execution of "us-central1-claimLevel"
[90m> [39m {"verifications":{"app":"MISSING","auth":"VALID"},"logging.googleapis.com/labels":{"firebase-log-type":"callable-request-verification"},"severity":"DEBUG","message":"Callable request verification passed"}
[36m[1mi  functions:[22m[39m Finished "us-central1-claimLevel" in 20.389987ms
[2026-10-10T10:12:38.166Z]  @firebase/firestore: Firestore (10.14.1): GrpcConnection RPC 'Write' stream 0x50b5e944 error. Code: 7 Message: 7 PERMISSION_DENIED: 
false for 'create' @ L20, false for 'update' @ L20
ok   - live env is separate from test env

24 passed, 0 failed
== end-to-end game test
[36m[1mi  functions:[22m[39m Beginning execution of "us-central1-touch"
[36m[1mi  functions:[22m[39m Finished "us-central1-touch" in 10.264679ms
[36m[1mi  functions:[22m[39m Beginning execution of "us-central1-touch"
[90m> [39m {"verifications":{"app":"MISSING","auth":"VALID"},"logging.googleapis.com/labels":{"firebase-log-type":"callable-request-verification"},"severity":"DEBUG","message":"Callable request verification passed"}
[36m[1mi  functions:[22m[39m Beginning execution of "us-central1-onSaveWriteTest"
[36m[1mi  functions:[22m[39m Finished "us-central1-touch" in 71.968489ms
[36m[1mi  functions:[22m[39m Finished "us-central1-onSaveWriteTest" in 35.063746ms
[36m[1mi  functions:[22m[39m Beginning execution of "us-central1-touch"
[90m> [39m {"verifications":{"app":"MISSING","auth":"VALID"},"logging.googleapis.com/labels":{"firebase-log-type":"callable-request-verification"},"severity":"DEBUG","message":"Callable request verification passed"}
[36m[1mi  functions:[22m[39m Finished "us-central1-touch" in 29.814307ms
[36m[1mi  functions:[22m[39m Beginning execution of "us-central1-onSaveWriteTest"
[36m[1mi  functions:[22m[39m Finished "us-central1-onSaveWriteTest" in 15.702553ms
[36m[1mi  functions:[22m[39m Beginning execution of "us-central1-onSaveWriteTest"
[36m[1mi  functions:[22m[39m Finished "us-central1-onSaveWriteTest" in 11.172751ms
[36m[1mi  functions:[22m[39m Beginning execution of "us-central1-onSaveWriteTest"
[36m[1mi  functions:[22m[39m Finished "us-central1-onSaveWriteTest" in 13.288913ms
[36m[1mi  functions:[22m[39m Beginning execution of "us-central1-touch"
[36m[1mi  functions:[22m[39m Finished "us-central1-touch" in 3.399891ms
[36m[1mi  functions:[22m[39m Beginning execution of "us-central1-touch"
[90m> [39m {"verifications":{"app":"MISSING","auth":"VALID"},"logging.googleapis.com/labels":{"firebase-log-type":"callable-request-verification"},"severity":"DEBUG","message":"Callable request verification passed"}
[36m[1mi  functions:[22m[39m Finished "us-central1-touch" in 34.141574ms
[36m[1mi  functions:[22m[39m Beginning execution of "us-central1-touch"
[90m> [39m {"verifications":{"app":"MISSING","auth":"VALID"},"logging.googleapis.com/labels":{"firebase-log-type":"callable-request-verification"},"severity":"DEBUG","message":"Callable request verification passed"}
[36m[1mi  functions:[22m[39m Finished "us-central1-touch" in 18.510671ms
[36m[1mi  functions:[22m[39m Beginning execution of "us-central1-onSaveWriteTest"
[36m[1mi  functions:[22m[39m Finished "us-central1-onSaveWriteTest" in 13.813768ms
ok   - both players signed in with a home city
[36m[1mi  functions:[22m[39m Beginning execution of "us-central1-onSaveWriteTest"
[36m[1mi  functions:[22m[39m Finished "us-central1-onSaveWriteTest" in 15.984668ms
ok   - world chat between players
[36m[1mi  functions:[22m[39m Beginning execution of "us-central1-claimLevel"
[36m[1mi  functions:[22m[39m Finished "us-central1-claimLevel" in 1.751397ms
[36m[1mi  functions:[22m[39m Beginning execution of "us-central1-claimLevel"
[90m> [39m {"verifications":{"app":"MISSING","auth":"VALID"},"logging.googleapis.com/labels":{"firebase-log-type":"callable-request-verification"},"severity":"DEBUG","message":"Callable request verification passed"}
[36m[1mi  functions:[22m[39m Finished "us-central1-claimLevel" in 23.541632ms
[36m[1mi  functions:[22m[39m Beginning execution of "us-central1-claimLevel"
[90m> [39m {"verifications":{"app":"MISSING","auth":"VALID"},"logging.googleapis.com/labels":{"firebase-log-type":"callable-request-verification"},"severity":"DEBUG","message":"Callable request verification passed"}
[36m[1mi  functions:[22m[39m Finished "us-central1-claimLevel" in 9.08207ms
[36m[1mi  functions:[22m[39m Beginning execution of "us-central1-claimLevel"
[90m> [39m {"verifications":{"app":"MISSING","auth":"VALID"},"logging.googleapis.com/labels":{"firebase-log-type":"callable-request-verification"},"severity":"DEBUG","message":"Callable request verification passed"}
[36m[1mi  functions:[22m[39m Finished "us-central1-claimLevel" in 16.43708ms
ok   - level gems paid by the server
ok   - alliance: create, join, accept
[36m[1mi  functions:[22m[39m Beginning execution of "us-central1-hitBase"
[36m[1mi  functions:[22m[39m Finished "us-central1-hitBase" in 2.273889ms
[36m[1mi  functions:[22m[39m Beginning execution of "us-central1-hitBase"
[90m> [39m {"verifications":{"app":"MISSING","auth":"VALID"},"logging.googleapis.com/labels":{"firebase-log-type":"callable-request-verification"},"severity":"DEBUG","message":"Callable request verification passed"}
[36m[1mi  functions:[22m[39m Finished "us-central1-hitBase" in 22.520328ms
ok   - no friendly fire; allies put fires out for free
[36m[1mi  functions:[22m[39m Beginning execution of "us-central1-onSaveWriteTest"
[36m[1mi  functions:[22m[39m Finished "us-central1-onSaveWriteTest" in 27.81067ms
[36m[1mi  functions:[22m[39m Beginning execution of "us-central1-touch"
[36m[1mi  functions:[22m[39m Finished "us-central1-touch" in 8.133079ms
[36m[1mi  functions:[22m[39m Beginning execution of "us-central1-touch"
[90m> [39m {"verifications":{"app":"MISSING","auth":"VALID"},"logging.googleapis.com/labels":{"firebase-log-type":"callable-request-verification"},"severity":"DEBUG","message":"Callable request verification passed"}
[36m[1mi  functions:[22m[39m Finished "us-central1-touch" in 44.721018ms
[36m[1mi  functions:[22m[39m Beginning execution of "us-central1-touch"
[90m> [39m {"verifications":{"app":"MISSING","auth":"VALID"},"logging.googleapis.com/labels":{"firebase-log-type":"callable-request-verification"},"severity":"DEBUG","message":"Callable request verification passed"}
[36m[1mi  functions:[22m[39m Finished "us-central1-touch" in 27.488105ms
[36m[1mi  functions:[22m[39m Beginning execution of "us-central1-onSaveWriteTest"
[36m[1mi  functions:[22m[39m Finished "us-central1-onSaveWriteTest" in 6.682217ms
[36m[1mi  functions:[22m[39m Beginning execution of "us-central1-hitBase"
[36m[1mi  functions:[22m[39m Finished "us-central1-hitBase" in 1.671668ms
[36m[1mi  functions:[22m[39m Beginning execution of "us-central1-hitBase"
[90m> [39m {"verifications":{"app":"MISSING","auth":"VALID"},"logging.googleapis.com/labels":{"firebase-log-type":"callable-request-verification"},"severity":"DEBUG","message":"Callable request verification passed"}
[36m[1mi  functions:[22m[39m Finished "us-central1-hitBase" in 43.655777ms
[36m[1mi  functions:[22m[39m Beginning execution of "us-central1-onSaveWriteTest"
[36m[1mi  functions:[22m[39m Finished "us-central1-onSaveWriteTest" in 9.956408ms
[36m[1mi  functions:[22m[39m Beginning execution of "us-central1-extinguishBase"
[36m[1mi  functions:[22m[39m Finished "us-central1-extinguishBase" in 2.178741ms
[36m[1mi  functions:[22m[39m Beginning execution of "us-central1-extinguishBase"
[90m> [39m {"verifications":{"app":"MISSING","auth":"VALID"},"logging.googleapis.com/labels":{"firebase-log-type":"callable-request-verification"},"severity":"DEBUG","message":"Callable request verification passed"}
[36m[1mi  functions:[22m[39m Finished "us-central1-extinguishBase" in 48.357982ms
ok   - enemy hit burns the base; owner pays 100 gems to put it out
[36m[1mi  functions:[22m[39m Beginning execution of "us-central1-relocateCity"
[36m[1mi  functions:[22m[39m Finished "us-central1-relocateCity" in 2.466689ms
[36m[1mi  functions:[22m[39m Beginning execution of "us-central1-relocateCity"
[90m> [39m {"verifications":{"app":"MISSING","auth":"VALID"},"logging.googleapis.com/labels":{"firebase-log-type":"callable-request-verification"},"severity":"DEBUG","message":"Callable request verification passed"}
[36m[1mi  functions:[22m[39m Finished "us-central1-relocateCity" in 56.344335ms
ok   - teleport moves the city (server-side)
[36m[1mi  functions:[22m[39m Beginning execution of "us-central1-onSaveWriteTest"
[36m[1mi  functions:[22m[39m Finished "us-central1-onSaveWriteTest" in 23.176674ms
ok   - progress saves to the cloud shortly after an action
ok   - cheats are refused: own wallet, other player's save, painting the map
ok   - dev tools hidden for normal players
[36m[1mi  functions:[22m[39m Beginning execution of "us-central1-adminCatalog"
[36m[1mi  functions:[22m[39m Finished "us-central1-adminCatalog" in 3.922612ms
[36m[1mi  functions:[22m[39m Beginning execution of "us-central1-adminCatalog"
[90m> [39m {"verifications":{"app":"MISSING","auth":"VALID"},"logging.googleapis.com/labels":{"firebase-log-type":"callable-request-verification"},"severity":"DEBUG","message":"Callable request verification passed"}
[36m[1mi  functions:[22m[39m Finished "us-central1-adminCatalog" in 24.315742ms
[36m[1mi  functions:[22m[39m Beginning execution of "us-central1-adminMaintenance"
[36m[1mi  functions:[22m[39m Beginning execution of "us-central1-adminCatalog"
[36m[1mi  functions:[22m[39m Beginning execution of "us-central1-adminSecOverview"
[36m[1mi  functions:[22m[39m Finished "us-central1-adminMaintenance" in 6.301439ms
[90m> [39m {"verifications":{"app":"MISSING","auth":"VALID"},"logging.googleapis.com/labels":{"firebase-log-type":"callable-request-verification"},"severity":"DEBUG","message":"Callable request verification passed"}
[36m[1mi  functions:[22m[39m Finished "us-central1-adminSecOverview" in 5.925775ms
[36m[1mi  functions:[22m[39m Beginning execution of "us-central1-adminMaintenance"
[36m[1mi  functions:[22m[39m Beginning execution of "us-central1-adminSecOverview"
[90m> [39m {"verifications":{"app":"MISSING","auth":"VALID"},"logging.googleapis.com/labels":{"firebase-log-type":"callable-request-verification"},"severity":"DEBUG","message":"Callable request verification passed"}
[90m> [39m {"verifications":{"app":"MISSING","auth":"VALID"},"logging.googleapis.com/labels":{"firebase-log-type":"callable-request-verification"},"severity":"DEBUG","message":"Callable request verification passed"}
[36m[1mi  functions:[22m[39m Finished "us-central1-adminMaintenance" in 13.15107ms
[36m[1mi  functions:[22m[39m Finished "us-central1-adminCatalog" in 26.267374ms
[36m[1mi  functions:[22m[39m Finished "us-central1-adminSecOverview" in 34.885649ms
[36m[1mi  functions:[22m[39m Beginning execution of "us-central1-adminFindPlayers"
[36m[1mi  functions:[22m[39m Finished "us-central1-adminFindPlayers" in 2.393713ms
[36m[1mi  functions:[22m[39m Beginning execution of "us-central1-adminFindPlayers"
[90m> [39m {"verifications":{"app":"MISSING","auth":"VALID"},"logging.googleapis.com/labels":{"firebase-log-type":"callable-request-verification"},"severity":"DEBUG","message":"Callable request verification passed"}
[36m[1mi  functions:[22m[39m Finished "us-central1-adminFindPlayers" in 27.857239ms
[36m[1mi  functions:[22m[39m Beginning execution of "us-central1-adminPlayerInfo"
[36m[1mi  functions:[22m[39m Finished "us-central1-adminPlayerInfo" in 3.544733ms
[36m[1mi  functions:[22m[39m Beginning execution of "us-central1-adminPlayerInfo"
[90m> [39m {"verifications":{"app":"MISSING","auth":"VALID"},"logging.googleapis.com/labels":{"firebase-log-type":"callable-request-verification"},"severity":"DEBUG","message":"Callable request verification passed"}
[36m[1mi  functions:[22m[39m Beginning execution of "us-central1-onSaveWriteTest"
[36m[1mi  functions:[22m[39m Finished "us-central1-adminPlayerInfo" in 49.351745ms
[36m[1mi  functions:[22m[39m Finished "us-central1-onSaveWriteTest" in 14.985609ms
[36m[1mi  functions:[22m[39m Beginning execution of "us-central1-adminSendMail"
[36m[1mi  functions:[22m[39m Finished "us-central1-adminSendMail" in 2.596776ms
[36m[1mi  functions:[22m[39m Beginning execution of "us-central1-adminSendMail"
[90m> [39m {"verifications":{"app":"MISSING","auth":"VALID"},"logging.googleapis.com/labels":{"firebase-log-type":"callable-request-verification"},"severity":"DEBUG","message":"Callable request verification passed"}
[36m[1mi  functions:[22m[39m Finished "us-central1-adminSendMail" in 29.442081ms
[36m[1mi  functions:[22m[39m Beginning execution of "us-central1-adminPlayerInfo"
[90m> [39m {"verifications":{"app":"MISSING","auth":"VALID"},"logging.googleapis.com/labels":{"firebase-log-type":"callable-request-verification"},"severity":"DEBUG","message":"Callable request verification passed"}
[36m[1mi  functions:[22m[39m Finished "us-central1-adminPlayerInfo" in 25.798593ms
[36m[1mi  functions:[22m[39m Beginning execution of "us-central1-claimMail"
[36m[1mi  functions:[22m[39m Finished "us-central1-claimMail" in 1.885028ms
[36m[1mi  functions:[22m[39m Beginning execution of "us-central1-claimMail"
[90m> [39m {"verifications":{"app":"MISSING","auth":"VALID"},"logging.googleapis.com/labels":{"firebase-log-type":"callable-request-verification"},"severity":"DEBUG","message":"Callable request verification passed"}
[36m[1mi  functions:[22m[39m Finished "us-central1-claimMail" in 29.549967ms
[36m[1mi  functions:[22m[39m Beginning execution of "us-central1-onSaveWriteTest"
[36m[1mi  functions:[22m[39m Finished "us-central1-onSaveWriteTest" in 19.066211ms
[36m[1mi  functions:[22m[39m Beginning execution of "us-central1-onSaveWriteTest"
[36m[1mi  functions:[22m[39m Finished "us-central1-onSaveWriteTest" in 5.687956ms
[36m[1mi  functions:[22m[39m Beginning execution of "us-central1-onSaveWriteTest"
[36m[1mi  functions:[22m[39m Finished "us-central1-onSaveWriteTest" in 7.929687ms
[36m[1mi  functions:[22m[39m Beginning execution of "us-central1-adminPlayerInfo"
[36m[1mi  functions:[22m[39m Finished "us-central1-adminPlayerInfo" in 2.324645ms
[36m[1mi  functions:[22m[39m Beginning execution of "us-central1-adminPlayerInfo"
[90m> [39m {"verifications":{"app":"MISSING","auth":"VALID"},"logging.googleapis.com/labels":{"firebase-log-type":"callable-request-verification"},"severity":"DEBUG","message":"Callable request verification passed"}
[36m[1mi  functions:[22m[39m Finished "us-central1-adminPlayerInfo" in 22.393739ms
ok   - admin website: sign in, find player, send mail; player claims it in the game
ok   - no permission errors or page errors during play

12 passed, 0 failed
[32m[1m✔ [22m[39m Script exited successfully (code 0)
[36m[1mi  emulators:[22m[39m Shutting down emulators.
[36m[1mi  functions:[22m[39m Stopping Functions Emulator
[36m[1mi  firestore:[22m[39m Stopping Firestore Emulator
[36m[1mi  auth:[22m[39m Stopping Authentication Emulator
[36m[1mi  eventarc:[22m[39m Stopping Eventarc Emulator
[36m[1mi  tasks:[22m[39m Stopping Cloud Tasks Emulator
[36m[1mi  hub:[22m[39m Stopping emulator hub
[36m[1mi  logging:[22m[39m Stopping Logging Emulator
